adabag
ade4
alluvial
Amelia
animation
anomalize
anomaly
AppliedPredictiveModeling
argonDash
argonR
arules
assertthat
auth0
basictabler
bcrypt
biglmm
bigrquery
billboarder
BioCircos
bivariate
blastula
boot
breakdown
broom
bs4Dash
bsplus
c3
C50
Cairo
canvasXpress
car
CARBayes
caret
cartogram
cartography
CAST
caTools
chron
circlize
circumplex
class
classInt
coefplot
collapsibleTree
colorspace
colourpicker
compareBars
configr
CORElearn
corrgram
corrplot
coveffectsplot
cowplot
cranly
crosstalk
countrycode
customLayout
d3heatmap
D3partitionR
d3Tree
DALEX
data.table
DataExplorer
deldir
dendextend
DescTools
DiagrammeR
dichromat
diffobj
directlabels
dismo
doFuture
doMC
doParallel
dplyr
drake
DT
dtree
dygraphs
e1071
earth
ECharts2Shiny
echarts4r
edgebundleR
egg
emmeans
emojifont
esquisse
evir
ExPosition
extrafont
fastcluster
feather
FFTrees
FitARMA
fitdistrplus
flexdashboard
flexmix
flextable
fMultivar
fontcm
forcats
foreach
forecast
formattable
Formula
fst
funModeling
future
gam
gapminder
gbm
gcForest
gdata
geodist
geofacet
geogrid
geojson
geojsonio
geojsonR
geojsonsf
geomnet
geoops
geoR
georob
geostatsp
ggalluvial
GGally
ggallin
gganimate
ggalt
ggbuildr
ggChernoff
ggconf
ggcorrplot
ggdendro
ggedit
ggeffects
ggExtra
ggfittext
ggfocus
ggforce
ggfortify
gghighlight
ggimage
ggiraph
ggiraphExtra
ggmap
ggmosaic
ggnetwork
ggparallel
ggparliament
ggplot2
ggpmisc
ggpubr
ggQC
ggRandomForests
ggraph
ggrepel
ggridges
ggsci
ggseas
ggsignif
ggspatial
ggstance
ggstatsplot
ggtern
ggthemes
ggTimeSeries
ggvis
ggvoronoi
ggwordcloud
ghibli
giphyr
GISTools
git2r
gllvm
glmnet
glue
gmodels
googleAnalyticsR
googleAuthR
googlesheets
googleVis
googleway
gplots
gradientPickerD3
greybox
grid
gridExtra
gstat
gsubfn
gtable
gtools
GWmodel
h2o
heatmaply
hexbin
hexSticker
highcharter
Hmisc
hms
hrbrthemes
htmlTable
htmltools
htmlwidgets
httpuv
httr
huxtable
igraph
iheatmapr
iml
implyr
infer
influxdbr
inlmisc
ipred
irlba
iterators
janitor
jcolors
jsonlite
jsonify
kableExtra
keras
kernlab
kknn
klaR
knitr
KRIG
lars
lattice
latticeExtra
leaflet
leaflet.extras
leaflet.minicharts
lemon
lexicon
lime
listviewer
lme4
lmtest
lobstr
logger
logiBin
lubridate
MachineShop
magick
magrittr
manipulate
manipulateWidget
mapdeck
mapedit
mapmisc
mapproj
maps
mapsapi
maptools
mapview
MASS
Matrix
MatrixModels
matrixStats
mboost
mda
memoise
merlin
metricsgraphics
mgcv
mice
microbenchmark
microplot
minqa
missForest
missMDA
missRanger
mlflow
mlr
mlrMBO
modelr
MonetDBLite
mongolite
mosaic
muHVT
multcomp
munsell
mvtnorm
ndtv
network
networkD3
networkDynamic
neuralnet
nlme
nloptr
NMF
nnet
nngeo
nord
odbc
officer
oompaBase
OpenMx
openxlsx
packrat
pagedown
pairsD3
palettetown
palr
pals
party
partykit
pbkrtest
PerformanceAnalytics
pivottabler
pixiedust
pkgdown
pkgmaker
plotly
plotrix
plotROC
plumber
plyr
png
Polychrome
pool
PortfolioAnalytics
prediction
pROC
profvis
promises
prophet
psych
purrr
qcc
qqplotr
qualpalr
Quandl
quantmod
quantreg
radix
rAmCharts
randomcoloR
randomForest
randomForestSRC
ranger
RANN
r2d3
raster
rbin
rbokeh
rcane
rcartocolor
Rcrawler
RColorBrewer
Rcpp
RcppArmadillo
RcppEigen
RCurl
readODS
readxl
Redmonder
redux
registry
reshape2
reticulate
rfUtilities
rgdal
rgeos
RGF
rgl
rhandsontable
rio
riverplot
RJSONIO
rlang
rmapshaper
rmarkdown
rms
RMySQL
RNeo4j
ROCR
RODBC
roxygen2
rpart
rpart.plot
rpivotTable
RPostgres
RRF
RSelenium
RSNNS
RSQLite
rvest
rwavelet
sandwich
sboost
scales
scatterD3
scico
sem
sf
shapleyR
shinyalert
shinyBS
shinycssloaders
shinycustomloader
shinydashboard
shinyDND
shinyEffects
shinyFeedback
shinyFiles
shinyhelper
shinyjqui
shinyjs
shinymaterial
shinytest
shinythemes
shinyTree
shinyWidgets
showtext
sigmajs
sigmaNet
sjmisc
sjPlot
skimr
slickR
slackr
smbinning
smooth
smoothr
sna
snow
SOAR
sp
sparkline
sparklyr
sparkTable
SparseM
spatialwidget
spatstat
spatstat.utils
spatialEco
spData
spdep
spdplyr
splinetree
splitstackshape
sqldf
stargazer
stringi
stringr
strucchange
sunburstR
SuperLearner
survival
survivalAnalysis
survminer
survsup
survxai
svd
sweep
table1
tableHTML
tabplot
tau
tensorflow
testthat
texreg
text2vec
textmineR
tibble
tidyquant
tidyr
tidytext
tilegramsR
tiler
timetk
timevis
tm
tmap
tmaptools
tree
treemap
treemapify
trelliscopejs
tsmp
tsutils
tufte
tuneRanger
tweenr
twitteR
usethis
validate
vcd
vcdExtra
viridis
visNetwork
visTree
voronoiTreemap
vtreat
waffle
webreadr
wesanderson
widgetframe
withr
woeBinning
wordcloud2
xgboost
xml2
xtable
xts
yarrr
zoo
ztable
